12:21:20 **** Incremental Build of configuration Debug for project ros_stm_v2 ****
make all 
Building file: ../Src/mainpp.cpp
Invoking: MCU G++ Compiler
/home/lsrob107772/ros_stm_v2/Debug
arm-none-eabi-g++ -mcpu=cortex-m4 -mthumb -mfloat-abi=hard -mfpu=fpv4-sp-d16 -DUSE_HAL_DRIVER -DSTM32L476xx -I"/home/lsrob107772/ros_stm_v2/Inc" -I"/home/lsrob107772/ros_stm_v2/Drivers/STM32L4xx_HAL_Driver/Inc" -I"/home/lsrob107772/ros_stm_v2/Drivers/STM32L4xx_HAL_Driver/Inc/Legacy" -I"/home/lsrob107772/ros_stm_v2/Drivers/CMSIS/Device/ST/STM32L4xx/Include" -I"/home/lsrob107772/ros_stm_v2/Drivers/CMSIS/Include" -I"/home/lsrob107772/ros_stm_v2/ros_lib"  -Og -g3 -Wall -fmessage-length=0 -ffunction-sections -c -fno-exceptions -fno-rtti -MMD -MP -MF"Src/mainpp.d" -MT"Src/mainpp.o" -o "Src/mainpp.o" "../Src/mainpp.cpp"
In file included from ../Src/../../ros_stm_v2/ros_lib/ros.h:40:0,
                 from ../Src/mainpp.cpp:11:
../Src/../../ros_stm_v2/ros_lib/STM32Hardware.h: In member function 'void STM32Hardware::write(uint8_t*, int)':
../Src/../../ros_stm_v2/ros_lib/STM32Hardware.h:112:22: warning: comparison between signed and unsigned integer expressions [-Wsign-compare]
       int n_tail = n <= tbuflen - twind ? n : tbuflen - twind;
                    ~~^~~~~~~~~~~~~~~~~~
Finished building: ../Src/mainpp.cpp
 
Building target: ros_stm_v2.elf
Invoking: MCU G++ Linker
arm-none-eabi-g++ -mcpu=cortex-m4 -mthumb -mfloat-abi=hard -mfpu=fpv4-sp-d16 -specs=nosys.specs -specs=nano.specs -T"../STM32L476RGTx_FLASH.ld" -Wl,-Map=output.map -Wl,--gc-sections -fno-exceptions -fno-rtti -o "ros_stm_v2.elf" @"objects.list"   -lm
Finished building target: ros_stm_v2.elf
 
make --no-print-directory post-build
Generating hex and Printing size information:
arm-none-eabi-objcopy -O ihex "ros_stm_v2.elf" "ros_stm_v2.hex"
arm-none-eabi-size "ros_stm_v2.elf"
   text	   data	    bss	    dec	    hex	filename
  16752	    144	   4320	  21216	   52e0	ros_stm_v2.elf
 

12:21:21 Build Finished (took 966ms)

