09:03:53 **** Incremental Build of configuration Debug for project ros_stm32 ****
make all 
Building file: ../Src/main.c
Invoking: MCU GCC Compiler
/home/lsrob107772/ros_stm32/Debug
arm-none-eabi-gcc -mcpu=cortex-m4 -mthumb -mfloat-abi=hard -mfpu=fpv4-sp-d16 -DUSE_HAL_DRIVER -DSTM32L476xx -I"/home/lsrob107772/ros_stm32/Inc" -I"/home/lsrob107772/ros_stm32/Drivers/STM32L4xx_HAL_Driver/Inc" -I"/home/lsrob107772/ros_stm32/Drivers/STM32L4xx_HAL_Driver/Inc/Legacy" -I"/home/lsrob107772/ros_stm32/Drivers/CMSIS/Device/ST/STM32L4xx/Include" -I"/home/lsrob107772/ros_stm32/Drivers/CMSIS/Include" -I/home/lsrob107772/ros_stm32/ros_lib  -Og -g3 -Wall -fmessage-length=0 -ffunction-sections -c -fmessage-length=0 -MMD -MP -MF"Src/main.d" -MT"Src/main.o" -o "Src/main.o" "../Src/main.c"
Finished building: ../Src/main.c
 
Building target: ros_stm32.elf
Invoking: MCU G++ Linker
arm-none-eabi-g++ -mcpu=cortex-m4 -mthumb -mfloat-abi=hard -mfpu=fpv4-sp-d16 -specs=nosys.specs -specs=nano.specs -T"../STM32L476RGTx_FLASH.ld" -Wl,-Map=output.map -Wl,--gc-sections -fno-exceptions -fno-rtti -o "ros_stm32.elf" @"objects.list"   -lm
Finished building target: ros_stm32.elf
 
make --no-print-directory post-build
Generating hex and Printing size information:
arm-none-eabi-objcopy -O ihex "ros_stm32.elf" "ros_stm32.hex"
arm-none-eabi-size "ros_stm32.elf"
   text	   data	    bss	    dec	    hex	filename
  17824	    144	   4320	  22288	   5710	ros_stm32.elf
 

09:03:54 Build Finished (took 1s.17ms)

